// Jest Snapshot v1, https://goo.gl/fbAQLP

exports[`Header should render fine 1`] = `
<div
  className="header"
>
  <Logo />
  <FileMenu />
  <ViewMenu />
  <HelpMenu />
</div>
`;
