// Jest Snapshot v1, https://goo.gl/fbAQLP

exports[`Footer should render fine 1`] = `
<Row
  className="footer"
>
  <p
    className="name"
  >
    Mage Studio 
    <span
      className="version"
    >
      v
      0.0.3
    </span>
    Â  running on mage-engine 
    <span
      className="version"
    >
      v
      3.21.2
    </span>
  </p>
</Row>
`;
